[judge] nex-agi/nex-n2-mini | cache 0 entries
[data] 500 contexts x 2 arms (Counter({'pretrain': 250, 'wildchat': 250}))
[absolute] 50/2500 (26 unparsed)
[absolute] 100/2500 (54 unparsed)
[absolute] 150/2500 (78 unparsed)
[absolute] 200/2500 (100 unparsed)
[absolute] 250/2500 (127 unparsed)
[absolute] 300/2500 (156 unparsed)
[absolute] 350/2500 (178 unparsed)
[absolute] 400/2500 (208 unparsed)
[absolute] 450/2500 (240 unparsed)
[absolute] 500/2500 (266 unparsed)
[absolute] 550/2500 (279 unparsed)
[absolute] 600/2500 (290 unparsed)
[absolute] 650/2500 (304 unparsed)
[absolute] 700/2500 (319 unparsed)
[absolute] 750/2500 (328 unparsed)
[absolute] 800/2500 (342 unparsed)
[absolute] 850/2500 (356 unparsed)
[absolute] 900/2500 (376 unparsed)
[absolute] 950/2500 (394 unparsed)
[absolute] 1000/2500 (415 unparsed)
[absolute] 1050/2500 (421 unparsed)
[absolute] 1100/2500 (438 unparsed)
[absolute] 1150/2500 (443 unparsed)
[absolute] 1200/2500 (454 unparsed)
[absolute] 1250/2500 (466 unparsed)
[absolute] 1300/2500 (478 unparsed)
[absolute] 1350/2500 (492 unparsed)
[absolute] 1400/2500 (511 unparsed)
[absolute] 1450/2500 (532 unparsed)
[absolute] 1500/2500 (562 unparsed)
[absolute] 1550/2500 (593 unparsed)
[absolute] 1600/2500 (631 unparsed)
[absolute] 1650/2500 (674 unparsed)
[absolute] 1700/2500 (716 unparsed)
[absolute] 1750/2500 (762 unparsed)
[absolute] 1800/2500 (810 unparsed)
[absolute] 1850/2500 (860 unparsed)
[absolute] 1900/2500 (910 unparsed)
[absolute] 1950/2500 (960 unparsed)
[absolute] 2000/2500 (1010 unparsed)
[absolute] 2050/2500 (1060 unparsed)
[absolute] 2100/2500 (1110 unparsed)
[absolute] 2150/2500 (1160 unparsed)
[absolute] 2200/2500 (1210 unparsed)
[absolute] 2250/2500 (1260 unparsed)
[absolute] 2300/2500 (1310 unparsed)
[absolute] 2350/2500 (1360 unparsed)
[absolute] 2400/2500 (1410 unparsed)
[absolute] 2450/2500 (1460 unparsed)
[absolute] 2500/2500 (1510 unparsed)
[absolute] 2500 calls, 1510 unparsed
[paired] 50/1000 (50 unparsed)
[paired] 100/1000 (100 unparsed)
[paired] 150/1000 (150 unparsed)
[paired] 200/1000 (200 unparsed)
[paired] 250/1000 (250 unparsed)
[paired] 300/1000 (300 unparsed)
[paired] 350/1000 (350 unparsed)
[paired] 400/1000 (400 unparsed)
[paired] 450/1000 (450 unparsed)
[paired] 500/1000 (500 unparsed)
[paired] 550/1000 (550 unparsed)
[paired] 600/1000 (600 unparsed)
[paired] 650/1000 (650 unparsed)
[paired] 700/1000 (700 unparsed)
[paired] 750/1000 (750 unparsed)
[paired] 800/1000 (800 unparsed)
